<input>:1:1: punctuator `[`
<input>:1:2: punctuator `[`
<input>:1:3: identifier `vendor`
<input>:1:9: punctuator `:`
<input>:1:10: punctuator `:`
<input>:1:11: identifier `tag`
<input>:1:14: punctuator `(`
<input>:1:15: punctuator `(`
<input>:1:16: integer constant `1` = 1 (int)
<input>:1:17: punctuator `)`
<input>:1:18: punctuator `,`
<input>:1:19: punctuator `[`
<input>:1:20: integer constant `2` = 2 (int)
<input>:1:21: punctuator `]`
<input>:1:22: punctuator `,`
<input>:1:23: punctuator `{`
<input>:1:24: integer constant `3` = 3 (int)
<input>:1:25: punctuator `}`
<input>:1:26: punctuator `)`
<input>:1:27: punctuator `]`
<input>:1:28: punctuator `]`
<input>:1:30: keyword `alignas`
<input>:1:37: punctuator `(`
<input>:1:38: integer constant `16` = 16 (int)
<input>:1:40: punctuator `)`
<input>:1:42: keyword `_Atomic`
<input>:1:49: punctuator `(`
<input>:1:50: keyword `int`
<input>:1:53: punctuator `)`
<input>:1:55: identifier `object`
<input>:1:61: punctuator `;`
<input>:2:1: keyword `thread_local`
<input>:2:14: keyword `int`
<input>:2:18: identifier `thread`
<input>:2:24: punctuator `;`
<input>:2:26: keyword `constexpr`
<input>:2:36: keyword `int`
<input>:2:40: identifier `c`
<input>:2:41: punctuator `=`
<input>:2:42: integer constant `1` = 1 (int)
<input>:2:43: punctuator `;`
<input>:3:1: keyword `static_assert`
<input>:3:14: punctuator `(`
<input>:3:15: integer constant `1` = 1 (int)
<input>:3:16: punctuator `)`
<input>:3:17: punctuator `;`
<input>:3:19: keyword `enum`
<input>:3:24: identifier `E`
<input>:3:26: punctuator `:`
<input>:3:28: keyword `unsigned`
<input>:3:37: punctuator `{`
<input>:3:39: identifier `A`
<input>:3:41: punctuator `[`
<input>:3:42: punctuator `[`
<input>:3:43: identifier `deprecated`
<input>:3:53: punctuator `]`
<input>:3:54: punctuator `]`
<input>:3:56: punctuator `}`
<input>:3:57: punctuator `;`
<input>:4:1: keyword `unsigned`
<input>:4:10: keyword `_BitInt`
<input>:4:17: punctuator `(`
<input>:4:18: integer constant `16` = 16 (int)
<input>:4:20: punctuator `)`
<input>:4:22: identifier `bits`
<input>:4:26: punctuator `;`
<input>:4:28: keyword `_Decimal32`
<input>:4:39: identifier `d32`
<input>:4:42: punctuator `;`
<input>:4:44: keyword `_Decimal64`
<input>:4:55: identifier `d64`
<input>:4:58: punctuator `;`
<input>:4:60: keyword `_Decimal128`
<input>:4:72: identifier `d128`
<input>:4:76: punctuator `;`
<input>:5:1: keyword `typeof`
<input>:5:7: punctuator `(`
<input>:5:8: identifier `c`
<input>:5:9: punctuator `)`
<input>:5:11: identifier `copy`
<input>:5:15: punctuator `;`
<input>:5:17: keyword `typeof_unqual`
<input>:5:30: punctuator `(`
<input>:5:31: keyword `const`
<input>:5:37: keyword `int`
<input>:5:40: punctuator `)`
<input>:5:42: identifier `value`
<input>:5:47: punctuator `;`
<input>:5:49: keyword `auto`
<input>:5:54: identifier `inferred`
<input>:5:62: punctuator `=`
<input>:5:63: integer constant `1` = 1 (int)
<input>:5:64: punctuator `;`
<input>:6:1: keyword `int`
<input>:6:5: identifier `f`
<input>:6:6: punctuator `(`
<input>:6:7: keyword `int`
<input>:6:10: punctuator `)`
<input>:6:12: punctuator `{`
<input>:6:14: keyword `bool`
<input>:6:19: identifier `b`
<input>:6:20: punctuator `=`
<input>:6:21: keyword `true`
<input>:6:25: punctuator `;`
<input>:6:27: identifier `b`
<input>:6:28: punctuator `=`
<input>:6:29: keyword `false`
<input>:6:34: punctuator `;`
<input>:6:36: keyword `void`
<input>:6:41: punctuator `*`
<input>:6:42: identifier `p`
<input>:6:43: punctuator `=`
<input>:6:44: keyword `nullptr`
<input>:6:51: punctuator `;`
<input>:6:53: keyword `int`
<input>:6:57: identifier `a`
<input>:6:58: punctuator `[`
<input>:6:59: integer constant `3` = 3 (int)
<input>:6:60: punctuator `]`
<input>:6:61: punctuator `;`
<input>:7:3: keyword `int`
<input>:7:7: identifier `n`
<input>:7:8: punctuator `=`
<input>:7:9: keyword `alignof`
<input>:7:16: punctuator `(`
<input>:7:17: keyword `int`
<input>:7:20: punctuator `)`
<input>:7:21: punctuator `+`
<input>:7:22: keyword `_Countof`
<input>:7:31: identifier `a`
<input>:7:32: punctuator `+`
<input>:7:33: keyword `_Countof`
<input>:7:41: punctuator `(`
<input>:7:42: keyword `int`
<input>:7:45: punctuator `[`
<input>:7:46: integer constant `4` = 4 (int)
<input>:7:47: punctuator `]`
<input>:7:48: punctuator `)`
<input>:7:49: punctuator `;`
<input>:8:3: identifier `n`
<input>:8:4: punctuator `+=`
<input>:8:6: keyword `_Generic`
<input>:8:14: punctuator `(`
<input>:8:15: keyword `int`
<input>:8:18: punctuator `,`
<input>:8:19: keyword `int`
<input>:8:22: punctuator `:`
<input>:8:23: integer constant `1` = 1 (int)
<input>:8:24: punctuator `,`
<input>:8:25: keyword `default`
<input>:8:32: punctuator `:`
<input>:8:33: integer constant `0` = 0 (int)
<input>:8:34: punctuator `)`
<input>:8:35: punctuator `;`
<input>:8:37: keyword `if`
<input>:8:39: punctuator `(`
<input>:8:40: keyword `int`
<input>:8:44: identifier `x`
<input>:8:45: punctuator `=`
<input>:8:46: integer constant `1` = 1 (int)
<input>:8:47: punctuator `;`
<input>:8:48: identifier `x`
<input>:8:49: punctuator `)`
<input>:8:51: identifier `n`
<input>:8:52: punctuator `=`
<input>:8:53: identifier `x`
<input>:8:54: punctuator `;`
<input>:9:3: keyword `switch`
<input>:9:9: punctuator `(`
<input>:9:10: identifier `n`
<input>:9:11: punctuator `)`
<input>:9:13: punctuator `{`
<input>:9:14: keyword `case`
<input>:9:19: integer constant `1` = 1 (int)
<input>:9:21: punctuator `...`
<input>:9:25: integer constant `3` = 3 (int)
<input>:9:26: punctuator `:`
<input>:9:27: keyword `break`
<input>:9:32: punctuator `;`
<input>:9:33: punctuator `}`
<input>:9:35: identifier `outer`
<input>:9:40: punctuator `:`
<input>:9:42: keyword `for`
<input>:9:45: punctuator `(`
<input>:9:46: punctuator `;`
<input>:9:47: punctuator `;`
<input>:9:48: punctuator `)`
<input>:9:49: punctuator `{`
<input>:9:50: keyword `continue`
<input>:9:59: identifier `outer`
<input>:9:64: punctuator `;`
<input>:9:66: keyword `break`
<input>:9:72: identifier `outer`
<input>:9:77: punctuator `;`
<input>:9:78: punctuator `}`
<input>:10:3: identifier `label`
<input>:10:8: punctuator `:`
<input>:10:10: keyword `int`
<input>:10:14: identifier `x`
<input>:10:15: punctuator `=`
<input>:10:16: punctuator `(`
<input>:10:17: keyword `static`
<input>:10:24: keyword `int`
<input>:10:27: punctuator `)`
<input>:10:28: punctuator `{`
<input>:10:29: punctuator `}`
<input>:10:30: punctuator `;`
<input>:10:32: identifier `end`
<input>:10:35: punctuator `:`
<input>:10:37: punctuator `}`
