<input>:1:1: identifier `__declspec`
<input>:1:11: punctuator `(`
<input>:1:12: identifier `dllexport`
<input>:1:22: identifier `align`
<input>:1:27: punctuator `(`
<input>:1:28: integer constant `16` = 16 (int)
<input>:1:30: punctuator `)`
<input>:1:31: punctuator `)`
<input>:1:33: keyword `unsigned`
<input>:1:42: identifier `__int64`
<input>:1:50: identifier `wide`
<input>:1:54: punctuator `;`
<input>:2:1: identifier `__w64`
<input>:2:7: keyword `int`
<input>:2:11: identifier `small`
<input>:2:16: punctuator `;`
<input>:3:1: keyword `int`
<input>:3:5: punctuator `*`
<input>:3:7: identifier `__ptr32`
<input>:3:15: identifier `__sptr`
<input>:3:22: identifier `narrow`
<input>:3:28: punctuator `;`
<input>:4:1: identifier `__unaligned`
<input>:4:13: keyword `int`
<input>:4:17: punctuator `*`
<input>:4:19: identifier `__ptr64`
<input>:4:27: identifier `__uptr`
<input>:4:34: identifier `pointer`
<input>:4:41: punctuator `;`
<input>:5:1: keyword `int`
<input>:5:5: punctuator `(`
<input>:5:6: identifier `__stdcall`
<input>:5:16: punctuator `*`
<input>:5:17: identifier `callback`
<input>:5:25: punctuator `)`
<input>:5:26: punctuator `(`
<input>:5:27: keyword `int`
<input>:5:30: punctuator `)`
<input>:5:31: punctuator `;`
<input>:6:1: identifier `__forceinline`
<input>:6:15: keyword `int`
<input>:6:19: identifier `__cdecl`
<input>:6:27: identifier `f`
<input>:6:28: punctuator `(`
<input>:6:29: keyword `void`
<input>:6:33: punctuator `)`
<input>:6:35: punctuator `{`
<input>:7:5: identifier `__try`
<input>:7:11: punctuator `{`
<input>:7:13: identifier `__leave`
<input>:7:20: punctuator `;`
<input>:7:22: punctuator `}`
<input>:7:24: identifier `__except`
<input>:7:32: punctuator `(`
<input>:7:33: integer constant `1` = 1 (int)
<input>:7:34: punctuator `)`
<input>:7:36: punctuator `{`
<input>:7:38: punctuator `}`
<input>:8:5: identifier `__try`
<input>:8:11: punctuator `{`
<input>:8:13: punctuator `}`
<input>:8:15: identifier `__finally`
<input>:8:25: punctuator `{`
<input>:8:27: punctuator `}`
<input>:9:5: keyword `__asm`
<input>:9:11: punctuator `{`
<input>:9:13: identifier `mov`
<input>:9:17: identifier `eax`
<input>:9:20: punctuator `,`
<input>:9:22: punctuator `[`
<input>:9:23: identifier `ebx`
<input>:9:27: punctuator `+`
<input>:9:29: punctuator `(`
<input>:9:30: integer constant `4` = 4 (int)
<input>:9:31: punctuator `)`
<input>:9:32: punctuator `]`
<input>:9:34: punctuator `}`
<input>:10:5: identifier `_asm`
<input>:10:10: identifier `nop`
<input>:11:5: keyword `return`
<input>:11:12: integer constant `0` = 0 (int)
<input>:11:13: punctuator `;`
<input>:12:1: punctuator `}`
<input>:13:1: keyword `struct`
<input>:13:8: identifier `Inner`
<input>:13:14: punctuator `{`
<input>:13:16: keyword `int`
<input>:13:20: identifier `member`
<input>:13:26: punctuator `;`
<input>:13:28: punctuator `}`
<input>:13:29: punctuator `;`
<input>:14:1: keyword `struct`
<input>:14:8: identifier `Outer`
<input>:14:14: punctuator `{`
<input>:14:16: keyword `struct`
<input>:14:23: identifier `Inner`
<input>:14:28: punctuator `;`
<input>:14:30: keyword `union`
<input>:14:36: identifier `Tagged`
<input>:14:43: punctuator `{`
<input>:14:45: keyword `int`
<input>:14:49: identifier `field`
<input>:14:54: punctuator `;`
<input>:14:56: punctuator `}`
<input>:14:57: punctuator `;`
<input>:14:59: punctuator `}`
<input>:14:60: punctuator `;`
